// Jest Snapshot v1, https://goo.gl/fbAQLP

exports[`ix-breadcrumb renders 1`] = `
<ix-breadcrumb>
  <!---->
  <nav aria-label="Breadrumb" class="breadcrumb">
    <ol>
      <li>
        <button class="btn crumb" data-breadcrumb="0" data-testid="item" type="button">
          <span class="crumb-text remove-anchor"></span>
          <span class="glyph glyph-18 glyph-chevron-right-small text-default-text"></span>
        </button>
      </li>
      <li>
        <button class="btn crumb" data-breadcrumb="1" data-testid="item" type="button">
          <span class="crumb-text remove-anchor"></span>
          <span class="glyph glyph-18 glyph-chevron-right-small text-default-text"></span>
        </button>
      </li>
      <li>
        <button class="btn crumb" data-breadcrumb="2" data-testid="item" type="button">
          <span class="crumb-text remove-anchor"></span>
          <span class="glyph glyph-18 glyph-chevron-right-small text-default-text"></span>
        </button>
      </li>
      <li>
        <button aria-current="page" class="btn crumb last remove-hover" data-breadcrumb="3" data-testid="item" tabindex="-1" type="button">
          <span class="crumb-text remove-anchor"></span>
        </button>
      </li>
    </ol>
    <ix-breadcrumb-item label="Test 1">
      <ix-breadcrumb-item label="Test 2">
        <ix-breadcrumb-item label="Test 3">
          <ix-breadcrumb-item label="Test 4"></ix-breadcrumb-item>
        </ix-breadcrumb-item>
      </ix-breadcrumb-item>
    </ix-breadcrumb-item>
  </nav>
</ix-breadcrumb>
`;
